GAMS 25.1.2  r67455 Released Aug  1, 2018 WEX-WEI x86 64bit/MS Windows - 08/28/18 12:31:39 Page 7
G e n e r a l   A l g e b r a i c   M o d e l i n g   S y s t e m
C o m p i l a t i o n


  71  Variables
  72       sssdef_m(i)  'multipler for equation sssdef(i)'
  73       tttdef_m(j)  'multipler for equations tttdef(j)'
  74       esum_m       'multipler for esum'      /lo 0 /
  75       ssum_m       'multipler for ssum'      /lo 0/
  76       allbnd_m     'multipler for allbnd'    /up 0/
  77       ;
  78   
  79  Equations
  80       dLdttt(j)    'gradient of Lagrangian w.r.t ttt(j)'
  81       dLdsss(i)    'gradient of Lagrangian w.r.t sss(i)'
  82       dLdx(j)      'gradient of Lagrangian w.r.t x(j)'
  83       ;
  84   
  85  *initializing the marginals/lagrangian multipliers
  86  sssdef_m.l(i)= sssdef.m(i);
  87  tttdef_m.l(j) =tttdef.m(j);
  88  esum_m.l = esum.m;
  89  ssum_m.l = ssum.m;
  90  allbnd_m.l = allbnd.m;
  91   
  92  * dummy equations with differentiating variable values
  93   
  94  dLdttt(j)..   37 =n= 0;
  95  ttt.fx(j)=ttt.l(j);
  96   
  97  dLdsss(i)..   37 =n= 0;
  98  sss.fx(i) = sss.l(i);
  99   
 100  dLdx(j)..     sssdef_m(i) + tttdef_m(j)+ esum_m + ssum_m + allbnd_m =n= 0;
****                          $149
**** LINE     30 INPUT       C:\Users\cnbho\Documents\GitHub\KKT\codes\EX2KKT0.gms
**** 149  Uncontrolled set entered as constant
 101  x.fx(j) = x.l(j);
 102   
 103  model nlpkkt / dLdttt.ttt , dLdsss.sss, dLdx.x, sssdef.sssdef_m , tttdef.tttdef_m,  esum.esum_m, ssum.ssum_m, allbnd.allbnd_m / ;
 104   
 105  nlpkkt.iterlim=0;
 106   
 107  solve nlpkkt using MCP;
****                        $257
**** LINE     37 INPUT       C:\Users\cnbho\Documents\GitHub\KKT\codes\EX2KKT0.gms
**** 257  Solve statement not checked because of previous errors
 108   
 109  abort $(nlpkkt.objval >1e-5) 'We should start at a solution';

**** 2 ERROR(S)   0 WARNING(S)


COMPILATION TIME     =        0.000 SECONDS      3 MB  25.1.2 r67455 WEX-WEI


USER: Chintan Bhomia, Single User License            G180612/0001CN-GEN
      GAMS Development, Fairfax                                 DC14199


**** FILE SUMMARY

Restart    C:\Users\cnbho\Documents\GitHub\KKT\codes\bbb.g00
Input      C:\Users\cnbho\Documents\GitHub\KKT\codes\EX2KKT0.gms
Output     C:\Users\cnbho\Documents\GitHub\KKT\codes\EX2KKT0.lst

**** USER ERROR(S) ENCOUNTERED
