GAMS 25.1.1  r66732 Released May 19, 2018 DEX-DEG x86 64bit/Mac OS X - 07/06/18 11:24:55 Page 1
G e n e r a l   A l g e b r a i c   M o d e l i n g   S y s t e m
C o m p i l a t i o n


   1  sets
   2    j  'variable indices' / j1 * j6 /
   3    j2(j)                 / j2, j4*j6 /
   4   
   5   
   6  parameter
   7    c(j) /
   8      j1   2
   9      j2  -2
  10      j3   2
  11      j4  -2
  12      j5   2
  13      j6  -2 /
  14    c2(j2)/
  15      j2  22
  16      j4  44
  17      j5  55
  18      j6  66
  19      /
  20      r /1/;
  21   
  22  display ord(c)
****            $192,408
**** 192  Identifier or quoted string expected
**** 408  Too many ),] or }

**** 2 ERROR(S)   0 WARNING(S)


COMPILATION TIME     =        0.001 SECONDS      3 MB  25.1.1 r66732 DEX-DEG


USER: Chintan Bhomia, Single User License            G180612/0001CN-GEN
      GAMS Development, Fairfax                                 DC14199


**** FILE SUMMARY

Input      /Users/cbhomia/Documents/GitHub/KKT/codes/experiement.gms
Output     /Users/cbhomia/Documents/GitHub/KKT/codes/experiement.lst

**** USER ERROR(S) ENCOUNTERED
