GAMS 25.1.1  r66732 Released May 19, 2018 DEX-DEG x86 64bit/Mac OS X - 06/29/18 18:57:41 Page 1
G e n e r a l   A l g e b r a i c   M o d e l i n g   S y s t e m
C o m p i l a t i o n


       
      Here we have an NLP.  It has several useful properties when we
      consider the question of writing down the KKT conditions for NLP:
       
        1. It is a minimization model.  The sign conventions work out nicely
           in that case.
       
        2. It contains a good mixture of variables: enough to show the
           utility of a structured technique but not so many as to be
           ponderous.
       
        3. It contains a good mixture of equations: enough but not too many,
           and also equations of all types (equality, <=, >=).
       
        4. There is some use of subsets and lags/leads in the formulation.
           That doesn't change the math at all, but it is another detail
           that could cause confusion, and we can demonstrate correct
           handling here.
       
  22   
  23   
  24  sets
  25    j  'variable indices' / j1 * j6 /
  26    j2(j)                 / j2, j4*j6 /
  27    i                     / i1 * i3 /
  28    i2(i)                 / i1, i2 /
  29    ;
  30  scalar
  31    eMin / 3 /
  32    sLow / -90 /
  33    vMax / 30 /
  34    ;
  35  parameter
  36    c(j) /
  37      j1   2
  38      j2  -2
  39      j3   2
  40      j4  -2
  41      j5   2
  42      j6  -2
  43    /
  44    s0(i) /
  45      i1    10
  46      i2    20
  47      i3   -10
  48    /
  49    ;
  50  table A(i,j)
  51      j1    j2    j3    j4    j5    j6
  52  i1   1     4     2                 2
  53  i2               4     1     2
  54  i3        -2    -2           -1    4   ;
  55   
  56  variable
  57    z  'objective var'
  58    ttt(j)
  59    sss(i)
  60    ;
  61  positive variable
  62    x(j)
  63    ;
  64  equation
  65    objDef
  66    sssDef(i)
  67    tttDef(j)
  68    eSum
  69    sSum
  70    allBnd
  71    ;
  72   
  73  objDef.. sum{j, c(j)*x(j)} + sum{i, sqr(sss(i)-s0(i))} =E= z;
  74  sssDef(i).. sss(i) =E= sum{j, A(i,j) * ttt(j)};
  75  tttDef(j).. ttt(j) =E= 4*x(j) + x(j+1);
  76  eSum..      sum{j2(j), exp(x(j)-1)} =G= eMin;
  77  sSum..      sum{i2(i), sss(i)} =G= sLow;
  78  allBnd..    sum{j, x(j) + ttt(j)} + sum{i, sss(i)} =L= vMax;
  79   
  80  model m 'NLP model' / all /;
  81  option
  82      limrow =10;
  83  solve m using nlp min z;


COMPILATION TIME     =        0.001 SECONDS      3 MB  25.1.1 r66732 DEX-DEG
GAMS 25.1.1  r66732 Released May 19, 2018 DEX-DEG x86 64bit/Mac OS X - 06/29/18 18:57:41 Page 2
G e n e r a l   A l g e b r a i c   M o d e l i n g   S y s t e m
Equation Listing    SOLVE m Using NLP From line 83


---- objDef  =E=  

objDef..  - z - (20)*sss(i1) - (40)*sss(i2) + (20)*sss(i3) + 2*x(j1) - 2*x(j2) + 2*x(j3) - 2*x(j4) + 2*x(j5) - 2*x(j6) =E= 0 ; (LHS = 600, INFES = 600 ****)
     

---- sssDef  =E=  

sssDef(i1)..  - ttt(j1) - 4*ttt(j2) - 2*ttt(j3) - 2*ttt(j6) + sss(i1) =E= 0 ; (LHS = 0)
     
sssDef(i2)..  - 4*ttt(j3) - ttt(j4) - 2*ttt(j5) + sss(i2) =E= 0 ; (LHS = 0)
     
sssDef(i3)..  2*ttt(j2) + 2*ttt(j3) + ttt(j5) - 4*ttt(j6) + sss(i3) =E= 0 ; (LHS = 0)
     

---- tttDef  =E=  

tttDef(j1)..  ttt(j1) - 4*x(j1) - x(j2) =E= 0 ; (LHS = 0)
     
tttDef(j2)..  ttt(j2) - 4*x(j2) - x(j3) =E= 0 ; (LHS = 0)
     
tttDef(j3)..  ttt(j3) - 4*x(j3) - x(j4) =E= 0 ; (LHS = 0)
     
tttDef(j4)..  ttt(j4) - 4*x(j4) - x(j5) =E= 0 ; (LHS = 0)
     
tttDef(j5)..  ttt(j5) - 4*x(j5) - x(j6) =E= 0 ; (LHS = 0)
     
tttDef(j6)..  ttt(j6) - 4*x(j6) =E= 0 ; (LHS = 0)
     

---- eSum  =G=  

eSum..  (0.367879441171442)*x(j2) + (0.367879441171442)*x(j4) + (0.367879441171442)*x(j5) + (0.367879441171442)*x(j6) =G= 3 ; (LHS = 1.47151776468577, INFES = 1.52848223531423 ****)
     

---- sSum  =G=  

sSum..  sss(i1) + sss(i2) =G= -90 ; (LHS = 0)
     

---- allBnd  =L=  

allBnd..  ttt(j1) + ttt(j2) + ttt(j3) + ttt(j4) + ttt(j5) + ttt(j6) + sss(i1) + sss(i2) + sss(i3) + x(j1) + x(j2) + x(j3) + x(j4) + x(j5) + x(j6) =L= 30 ; (LHS = 0)
     
GAMS 25.1.1  r66732 Released May 19, 2018 DEX-DEG x86 64bit/Mac OS X - 06/29/18 18:57:41 Page 3
G e n e r a l   A l g e b r a i c   M o d e l i n g   S y s t e m
Column Listing      SOLVE m Using NLP From line 83


---- z  objective var

z
                (.LO, .L, .UP, .M = -INF, 0, +INF, 0)
       -1       objDef


---- ttt  

ttt(j1)
                (.LO, .L, .UP, .M = -INF, 0, +INF, 0)
       -1       sssDef(i1)
        1       tttDef(j1)
        1       allBnd

ttt(j2)
                (.LO, .L, .UP, .M = -INF, 0, +INF, 0)
       -4       sssDef(i1)
        2       sssDef(i3)
        1       tttDef(j2)
        1       allBnd

ttt(j3)
                (.LO, .L, .UP, .M = -INF, 0, +INF, 0)
       -2       sssDef(i1)
       -4       sssDef(i2)
        2       sssDef(i3)
        1       tttDef(j3)
        1       allBnd

REMAINING 3 ENTRIES SKIPPED

---- sss  

sss(i1)
                (.LO, .L, .UP, .M = -INF, 0, +INF, 0)
     (-20)      objDef
        1       sssDef(i1)
        1       sSum
        1       allBnd

sss(i2)
                (.LO, .L, .UP, .M = -INF, 0, +INF, 0)
     (-40)      objDef
        1       sssDef(i2)
        1       sSum
        1       allBnd

sss(i3)
                (.LO, .L, .UP, .M = -INF, 0, +INF, 0)
      (20)      objDef
        1       sssDef(i3)
        1       allBnd


---- x  

x(j1)
                (.LO, .L, .UP, .M = 0, 0, +INF, 0)
        2       objDef
       -4       tttDef(j1)
        1       allBnd

x(j2)
                (.LO, .L, .UP, .M = 0, 0, +INF, 0)
       -2       objDef
       -1       tttDef(j1)
       -4       tttDef(j2)
       (0.3679) eSum
        1       allBnd

x(j3)
                (.LO, .L, .UP, .M = 0, 0, +INF, 0)
        2       objDef
       -1       tttDef(j2)
       -4       tttDef(j3)
        1       allBnd

REMAINING 3 ENTRIES SKIPPED
GAMS 25.1.1  r66732 Released May 19, 2018 DEX-DEG x86 64bit/Mac OS X - 06/29/18 18:57:41 Page 4
G e n e r a l   A l g e b r a i c   M o d e l i n g   S y s t e m
Model Statistics    SOLVE m Using NLP From line 83


MODEL STATISTICS

BLOCKS OF EQUATIONS           6     SINGLE EQUATIONS           13
BLOCKS OF VARIABLES           4     SINGLE VARIABLES           16
NON ZERO ELEMENTS            62     NON LINEAR N-Z              7
DERIVATIVE POOL              20     CONSTANT POOL              19
CODE LENGTH                  30


GENERATION TIME      =        0.002 SECONDS      4 MB  25.1.1 r66732 DEX-DEG


EXECUTION TIME       =        0.002 SECONDS      4 MB  25.1.1 r66732 DEX-DEG
GAMS 25.1.1  r66732 Released May 19, 2018 DEX-DEG x86 64bit/Mac OS X - 06/29/18 18:57:41 Page 5
G e n e r a l   A l g e b r a i c   M o d e l i n g   S y s t e m
Solution Report     SOLVE m Using NLP From line 83


               S O L V E      S U M M A R Y

     MODEL   m                   OBJECTIVE  z
     TYPE    NLP                 DIRECTION  MINIMIZE
     SOLVER  CONOPT              FROM LINE  83

**** SOLVER STATUS     1 Normal Completion         
**** MODEL STATUS      2 Locally Optimal           
**** OBJECTIVE VALUE                6.4070

 RESOURCE USAGE, LIMIT          0.001      1000.000
 ITERATION COUNT, LIMIT        19    2000000000
 EVALUATION ERRORS              0             0
CONOPT 3         25.1.1 r66732 Released May 19, 2018 DEG x86 64bit/Mac OS X   
 
 
    C O N O P T 3   version 3.17I
    Copyright (C)   ARKI Consulting and Development A/S
                    Bagsvaerdvej 246 A
                    DK-2880 Bagsvaerd, Denmark
 
 
    The model has 16 variables and 13 constraints
    with 62 Jacobian elements, 7 of which are nonlinear.
    The Hessian of the Lagrangian has 7 elements on the diagonal,
    0 elements below the diagonal, and 7 nonlinear variables.
 
                   Pre-triangular equations:   0
                   Post-triangular equations:  1
                   Definitional equations:     9
 
 
 ** Optimal solution. Reduced gradient less than tolerance.
 
 
 CONOPT time Total                            0.001 seconds
   of which: Function evaluations             0.000 =  0.0%
             1st Derivative evaluations       0.000 =  0.0%
             2nd Derivative evaluations       0.000 =  0.0%
             Directional 2nd Derivative       0.000 =  0.0%
 

                           LOWER          LEVEL          UPPER         MARGINAL

---- EQU objDef              .              .              .            -1.0000      

---- EQU sssDef  

          LOWER          LEVEL          UPPER         MARGINAL

i1          .              .              .            -0.4294      
i2          .              .              .            -0.5451      
i3          .              .              .            -0.1430      

---- EQU tttDef  

          LOWER          LEVEL          UPPER         MARGINAL

j1          .              .              .             1.3113      
j2          .              .              .             0.3092      
j3          .              .              .            -1.0125      
j4          .              .              .             1.1956      
j5          .              .              .             0.7935      
j6          .              .              .             0.3099      

                           LOWER          LEVEL          UPPER         MARGINAL

---- EQU eSum               3.0000         3.0000        +INF            4.6247      
---- EQU sSum             -90.0000        27.7721        +INF             .          
---- EQU allBnd            -INF           30.0000        30.0000        -1.7407      

                           LOWER          LEVEL          UPPER         MARGINAL

---- VAR z                 -INF            6.4070        +INF             .          

  z  objective var

---- VAR ttt  

          LOWER          LEVEL          UPPER         MARGINAL

j1        -INF            0.2966        +INF             .          
j2        -INF            1.4813        +INF             .          
j3        -INF            1.1796        +INF             .          
j4        -INF            1.5617        +INF             .          
j5        -INF            6.2886        +INF             .          
j6        -INF            0.1671        +INF             .          

---- VAR sss  

          LOWER          LEVEL          UPPER         MARGINAL

i1        -INF            8.9150        +INF             .          
i2        -INF           18.8571        +INF             .          
i3        -INF          -10.9418        +INF             .          

---- VAR x  

          LOWER          LEVEL          UPPER         MARGINAL

j1          .              .            +INF            8.9859      
j2          .             0.2966        +INF            EPS         
j3          .             0.2949        +INF             .          
j4          .              .            +INF            1.8092      
j5          .             1.5617        +INF             .          
j6          .             0.0418        +INF            EPS         


**** REPORT SUMMARY :        0     NONOPT
                             0 INFEASIBLE
                             0  UNBOUNDED
                             0     ERRORS


EXECUTION TIME       =        0.001 SECONDS      2 MB  25.1.1 r66732 DEX-DEG


USER: Chintan Bhomia, Single User License            G180612/0001CN-GEN
      GAMS Development, Fairfax                                 DC14199


**** FILE SUMMARY

Input      /Users/cbhomia/Documents/GitHub/KKT/codes/nlpExample.gms
Output     /Users/cbhomia/Documents/GitHub/KKT/codes/nlpExample.lst
