GAMS 25.1.2  r67455 Released Aug  1, 2018 WEX-WEI x86 64bit/MS Windows - 08/28/18 11:21:14 Page 6
G e n e r a l   A l g e b r a i c   M o d e l i n g   S y s t e m
C o m p i l a t i o n


  29  variables
  30      con1_m 'marginal value for con1' /up 0/
  31      ;
  32  Equations
  33      dLdh 'gradL wrt h'
  34      dLds 'gradL wrt s'
  35      ;
  36   
  37  con1_m.l=con1.m;
  38  dLdh.. - 200*(2/3) * ([h**(2/3)]/h)  * s**(1/3) - con1_m*(200) =n=0;
  39  dLds.. - 200 * h**(2/3) * (1/3)*s**(-2/3) - con1_m*(170) =n=0;
  40   
  41  model kkt /dLdh.h,dLds.s,con1.con1_m/;
  42  kkt.iterlim=0;
  43  solve kkt using MCP;
  44   
  45  abort $(kkt.objval >1e-5) 'We did not start at a solution';


COMPILATION TIME     =        0.000 SECONDS      2 MB  25.1.2 r67455 WEX-WEI
GAMS 25.1.2  r67455 Released Aug  1, 2018 WEX-WEI x86 64bit/MS Windows - 08/28/18 11:21:14 Page 7
G e n e r a l   A l g e b r a i c   M o d e l i n g   S y s t e m
Equation Listing    SOLVE kkt Using MCP From line 43


---- dLdh  =N=  gradL wrt h

dLdh..  (0.0259274079155213)*h - (0.440765934563863)*s - 200*con1_m =N= 0 ; (LHS = 466.693342479384)
     

---- dLds  =N=  gradL wrt s

dLds..  - (0.440765934563863)*h + (7.49302088758567)*s - 170*con1_m =N= 0 ; (LHS = 0)
     

---- con1  =L=  constraint on budget

con1..  20*h + 170*s =L= 20000 ; (LHS = 20000)
     
GAMS 25.1.2  r67455 Released Aug  1, 2018 WEX-WEI x86 64bit/MS Windows - 08/28/18 11:21:14 Page 8
G e n e r a l   A l g e b r a i c   M o d e l i n g   S y s t e m
Column Listing      SOLVE kkt Using MCP From line 43


---- h  man hours in production

h
                (.LO, .L, .UP, .M = 1, 666.666666666667, 50000, 0)
       (0.0259) dLdh
      (-0.4408) dLds
       20       con1


---- s  tons of raw material

s
                (.LO, .L, .UP, .M = 1, 39.2156862745098, 50000, EPS)
      (-0.4408) dLdh
       (7.493)  dLds
      170       con1


---- con1_m  marginal value for con1

con1_m
                (.LO, .L, .UP, .M = -INF, -2.59274079155213, 0, 0)
     -200       dLdh
     -170       dLds

GAMS 25.1.2  r67455 Released Aug  1, 2018 WEX-WEI x86 64bit/MS Windows - 08/28/18 11:21:14 Page 9
G e n e r a l   A l g e b r a i c   M o d e l i n g   S y s t e m
Model Statistics    SOLVE kkt Using MCP From line 43


MODEL STATISTICS

BLOCKS OF EQUATIONS           3     SINGLE EQUATIONS            3
BLOCKS OF VARIABLES           3     SINGLE VARIABLES            3
NON ZERO ELEMENTS             8     NON LINEAR N-Z              4
DERIVATIVE POOL              20     CONSTANT POOL              21
CODE LENGTH                  25


GENERATION TIME      =        0.047 SECONDS      3 MB  25.1.2 r67455 WEX-WEI


EXECUTION TIME       =        0.047 SECONDS      3 MB  25.1.2 r67455 WEX-WEI
GAMS 25.1.2  r67455 Released Aug  1, 2018 WEX-WEI x86 64bit/MS Windows - 08/28/18 11:21:14 Page 10
G e n e r a l   A l g e b r a i c   M o d e l i n g   S y s t e m
Solution Report     SOLVE kkt Using MCP From line 43


               S O L V E      S U M M A R Y

     MODEL   kkt                 
     TYPE    MCP                 
     SOLVER  PATH                FROM LINE  43

**** SOLVER STATUS     2 Iteration Interrupt       
**** MODEL STATUS      6 Intermediate Infeasible   

 RESOURCE USAGE, LIMIT          0.016      1000.000
 ITERATION COUNT, LIMIT         0             0
 EVALUATION ERRORS              0             0
3 row/cols, 8 non-zeros, 88.89% dense.

Path 4.7.04 (Tue Jul 31 15:20:37 2018)
Written by Todd Munson, Steven Dirkse, and Michael Ferris

FINAL STATISTICS
Inf-Norm of Complementarity . .  1.5533e+05 eqn: (dLdh)
Inf-Norm of Normal Map. . . . .  4.6669e+02 eqn: (dLdh)
Inf-Norm of Minimum Map . . . .  4.6669e+02 eqn: (dLdh)
Inf-Norm of Fischer Function. .  3.2033e+02 eqn: (dLdh)
Inf-Norm of Grad Fischer Fcn. .  2.7429e+04 eqn: (con1)
Two-Norm of Grad Fischer Fcn. .  2.7429e+04


                           LOWER          LEVEL          UPPER         MARGINAL

---- EQU dLdh              -INF          466.6933        +INF          666.6667 INFES
---- EQU dLds              -INF      -5.68434E-14        +INF           39.2157      
---- EQU con1              -INF        20000.0000     20000.0000        -2.5927      

  dLdh  gradL wrt h
  dLds  gradL wrt s
  con1  constraint on budget

                           LOWER          LEVEL          UPPER         MARGINAL

---- VAR h                  1.0000       666.6667     50000.0000       466.6933      
---- VAR s                  1.0000        39.2157     50000.0000          .          
---- VAR con1_m            -INF           -2.5927          .              .          

  h  man hours in production
  s  tons of raw material
  con1_m  marginal value for con1


**** REPORT SUMMARY :        0     NONOPT
                             1 INFEASIBLE (INFES)
                    SUM           .    
                    MAX           .    
                    MEAN          .    
                             0  UNBOUNDED
                             0  REDEFINED
                             0     ERRORS
                             1  PROJECTED
GAMS 25.1.2  r67455 Released Aug  1, 2018 WEX-WEI x86 64bit/MS Windows - 08/28/18 11:21:14 Page 11
G e n e r a l   A l g e b r a i c   M o d e l i n g   S y s t e m
E x e c u t i o n


----     45 We did not start at a solution
**** Exec Error at line 45: Execution halted: abort$1 'We did not start at a solution'


EXECUTION TIME       =        0.000 SECONDS      3 MB  25.1.2 r67455 WEX-WEI


USER: Chintan Bhomia, Single User License            G180612/0001CN-GEN
      GAMS Development, Fairfax                                 DC14199


**** FILE SUMMARY

Restart    C:\Users\cnbho\Documents\GitHub\KKT\codes\aaa.g00
Input      C:\Users\cnbho\Documents\GitHub\KKT\codes\sd_kkt.gms
Output     C:\Users\cnbho\Documents\GitHub\KKT\codes\sd_kkt.lst

**** USER ERROR(S) ENCOUNTERED
