GAMS 25.1.1  r66732 Released May 19, 2018 WEX-WEI x86 64bit/MS Windows - 07/18/18 11:45:34 Page 1
G e n e r a l   A l g e b r a i c   M o d e l i n g   S y s t e m
C o m p i l a t i o n


      The model below showcases using GAMS to identify / modify the KKT conditions for a given
      NLP formulation. Our starting point is a basic minimization NLP model.
   5   
   6  scalar
   7      labor 'cost of labor dollar per hour' /20/
   8      steel 'cost of steel per ton'         /170/
   9      budget 'total budget for production' /20000/
  10      ;
  11  variables
  12      h 'man hours in production' /lo 1, up 50000/
  13      s 'tons of raw material' /lo 1, up 50000/
  14      R 'Revenue'
  15      ;
  16  Equations
  17      con1 'constraint on budget'
  18      obj 'objective function'
  19      ;
  20  obj.. R =e= - 200 * h**(2/3) * s**(1/3) ;
  21  con1.. 20*h + 170*s =l= budget;
  22   
  23  h.l=10;
  24  s.l=10;
  25   
  26  model khan /con1,obj/;
  27  solve khan using NLP minimizing R;
  28   


COMPILATION TIME     =        0.000 SECONDS      2 MB  25.1.1 r66732 WEX-WEI
GAMS 25.1.1  r66732 Released May 19, 2018 WEX-WEI x86 64bit/MS Windows - 07/18/18 11:45:34 Page 2
G e n e r a l   A l g e b r a i c   M o d e l i n g   S y s t e m
Equation Listing    SOLVE khan Using NLP From line 27


---- con1  =L=  constraint on budget

con1..  20*h + 170*s =L= 20000 ; (LHS = 1900)
     

---- obj  =E=  objective function

obj..  (133.333333333333)*h + (66.6666666666667)*s + R =E= 0 ; (LHS = 2000, INFES = 2000 ****)
     
GAMS 25.1.1  r66732 Released May 19, 2018 WEX-WEI x86 64bit/MS Windows - 07/18/18 11:45:34 Page 3
G e n e r a l   A l g e b r a i c   M o d e l i n g   S y s t e m
Column Listing      SOLVE khan Using NLP From line 27


---- h  man hours in production

h
                (.LO, .L, .UP, .M = 1, 10, 50000, 0)
       20       con1
     (133.3333) obj


---- s  tons of raw material

s
                (.LO, .L, .UP, .M = 1, 10, 50000, 0)
      170       con1
      (66.6667) obj


---- R  Revenue

R
                (.LO, .L, .UP, .M = -INF, 0, +INF, 0)
        1       obj

GAMS 25.1.1  r66732 Released May 19, 2018 WEX-WEI x86 64bit/MS Windows - 07/18/18 11:45:34 Page 4
G e n e r a l   A l g e b r a i c   M o d e l i n g   S y s t e m
Model Statistics    SOLVE khan Using NLP From line 27


MODEL STATISTICS

BLOCKS OF EQUATIONS           2     SINGLE EQUATIONS            2
BLOCKS OF VARIABLES           3     SINGLE VARIABLES            3
NON ZERO ELEMENTS             5     NON LINEAR N-Z              2
DERIVATIVE POOL              20     CONSTANT POOL              19
CODE LENGTH                  11


GENERATION TIME      =        0.015 SECONDS      3 MB  25.1.1 r66732 WEX-WEI


EXECUTION TIME       =        0.015 SECONDS      3 MB  25.1.1 r66732 WEX-WEI
GAMS 25.1.1  r66732 Released May 19, 2018 WEX-WEI x86 64bit/MS Windows - 07/18/18 11:45:34 Page 5
G e n e r a l   A l g e b r a i c   M o d e l i n g   S y s t e m
Solution Report     SOLVE khan Using NLP From line 27


               S O L V E      S U M M A R Y

     MODEL   khan                OBJECTIVE  R
     TYPE    NLP                 DIRECTION  MINIMIZE
     SOLVER  CONOPT              FROM LINE  27

**** SOLVER STATUS     1 Normal Completion         
**** MODEL STATUS      2 Locally Optimal           
**** OBJECTIVE VALUE           -51854.8158

 RESOURCE USAGE, LIMIT          0.000      1000.000
 ITERATION COUNT, LIMIT        10    2000000000
 EVALUATION ERRORS              0             0
CONOPT 3         25.1.1 r66732 Released May 19, 2018 WEI x86 64bit/MS Windows 
 
 
    C O N O P T 3   version 3.17I
    Copyright (C)   ARKI Consulting and Development A/S
                    Bagsvaerdvej 246 A
                    DK-2880 Bagsvaerd, Denmark
 
 
    The model has 3 variables and 2 constraints
    with 5 Jacobian elements, 2 of which are nonlinear.
    The Hessian of the Lagrangian has 2 elements on the diagonal,
    1 elements below the diagonal, and 2 nonlinear variables.
 
                   Pre-triangular equations:   0
                   Post-triangular equations:  1
 
 
 ** Optimal solution. Reduced gradient less than tolerance.
 
 
 CONOPT time Total                            0.002 seconds
   of which: Function evaluations             0.000 =  0.0%
             1st Derivative evaluations       0.000 =  0.0%
             Directional 2nd Derivative       0.000 =  0.0%
 

                           LOWER          LEVEL          UPPER         MARGINAL

---- EQU con1              -INF        20000.0000     20000.0000        -2.5927      
---- EQU obj                 .              .              .             1.0000      

  con1  constraint on budget
  obj  objective function

                           LOWER          LEVEL          UPPER         MARGINAL

---- VAR h                  1.0000       666.6667     50000.0000          .          
---- VAR s                  1.0000        39.2157     50000.0000         EPS         
---- VAR R                 -INF       -51854.8158        +INF             .          

  h  man hours in production
  s  tons of raw material
  R  Revenue


**** REPORT SUMMARY :        0     NONOPT
                             0 INFEASIBLE
                             0  UNBOUNDED
                             0     ERRORS


EXECUTION TIME       =        0.000 SECONDS      2 MB  25.1.1 r66732 WEX-WEI


USER: Chintan Bhomia, Single User License            G180612/0001CN-GEN
      GAMS Development, Fairfax                                 DC14199


**** FILE SUMMARY

Input      C:\Users\cnbho\Documents\GitHub\KKT\codes\sd_nlp.gms
Output     C:\Users\cnbho\Documents\GitHub\KKT\codes\sd_nlp.lst
Save       C:\Users\cnbho\Documents\GitHub\KKT\codes\aaa.g0?
